2023-03-29 12:34:56,789 [INFO] Process started.
2023-03-29 12:35:01,234 [WARNING] Invalid input detected.
2023-03-29 12:35:04,567 [ERROR] An error occurred while processing the input.
2023-03-29 12:35:05,678 [SUCCESS] Input processed successfully.
2023-03-29 12:35:08,901 [FAILED] Input processing failed due to an internal error.
2023-03-29 12:35:10,345 [WARNING] Input file missing.
2023-03-29 12:35:12,678 [ERROR] Unable to connect to database.
2023-03-29 12:34:56,789 [INFO] Process started.
2023-03-29 12:35:01,234 [WARNING] Invalid input detected.
2023-03-29 12:35:04,567 [ERROR] An error occurred while processing the input.
2023-03-29 12:35:05,678 [SUCCESS] Input processed successfully.
2023-03-29 12:35:08,901 [FAILED] Input processing failed due to an internal error.
2023-03-29 12:35:10,345 [WARNING] Input file missing.
2023-03-29 12:35:12,678 [ERROR] Unable to connect to database.
2023-03-29 12:35:15,123 [SUCCESS] Output file generated successfully.
2023-03-29 12:36:01,234 [INFO] Starting data import.
2023-03-29 12:36:04,567 [WARNING] Duplicate records detected.
2023-03-29 12:36:08,901 [ERROR] Invalid input format.
2023-03-29 12:36:10,345 [SUCCESS] Data import complete.
2023-03-29 12:37:01,234 [INFO] Starting data export.
2023-03-29 12:37:05,678 [WARNING] Export failed due to disk space issues.
2023-03-29 12:37:08,901 [ERROR] Unable to connect to remote server.
2023-03-29 12:37:12,678 [SUCCESS] Data export complete.
2023-03-29 12:38:01,234 [INFO] Generating report.
2023-03-29 12:38:05,678 [WARNING] Missing data in report.
2023-03-29 12:38:08,901 [ERROR] Report generation failed due to network issues.
2023-03-29 12:38:12,678 [SUCCESS] Report generated successfully.


